[INFO] Starting to parse model: test-ternary/og.pr
[ERROR] Failed to parse model.
    line 3:4 no viable alternative at input '/* CIF TEXT (159, 221), (289, 188) */\n    -- Text area for declarations and comments\n\nuse dv comment 'dataview.asn';\n\nsignal run;\nsignal saved_signal(BoolType);\nsignal we;\n    /* CIF ENDTEXT */\n    CHANNEL c\n        FROM ENV TO og WITH run,\nsaved_signal;\n        FROM og TO ENV WITH we;\n    ENDCHANNEL;\n    BLOCK og;\n        SIGNALROUTE r\n            FROM ENV TO og WITH run,\nsaved_signal;\n            FROM og TO ENV WITH we;\n        CONNECT c AND r;\n        /* CIF PROCESS (225, 50), (150, 75) */\n        PROCESS og;\n            /* CIF TEXT (335, 58), (396, 136) */\n            --  Various tests of the ternary operator\n-- (PrimConditional)\ndcl save_buffer SeqOf;\n\ndcl param BoolType;\n            /* CIF ENDTEXT */\n            /* CIF START (0, 226), (70, 35) */\n            START;\n                /* CIF NEXTSTATE (0, 276), (70, 35) */\n                NEXTSTATE wait;\n            /* CIF STATE (291, 227), (70, 35) */\n            STATE wait;\n                /* CIF INPUT (296, 282), (162, 35) */\n                INPUT saved_signal(param);\n                    /* CIF DECISION (296, 332), (161, 50) */\n                    DECISION length(save_buffer);\n                            /* CIF ANSWER (253, 402), (60, 34) */\n                            (<10):\n                                /* CIF TASK (194, 451), (177, 50) */\n                                TASK save_buffer :=\nsave_buffer // {param};\n                            /* CIF ANSWER (457, 402), (53, 34) */\n                            (10):\n                                /* CIF PROCEDURECALL (382, 451), (202, 38) */\n                                CALL writeln('Buffer Overflow!');\n                    ENDDECISION;\n                    /* CIF NEXTSTATE (342, 516), (70, 35) */\n                    NEXTSTATE wait;\n                /* CIF INPUT (91, 282), (84, 35) */\n                INPUT run;\n                    /* CIF NEXTSTATE (79, 332), (107, 35) */\n                    NEXTSTATE Running;\n            ENDSTATE;\n            /* CIF STATE (929, 221), (88, 35) */\n            STATE Running;\n                /* CIF PROVIDED (718, 276), (181, 35) */\n                PROVIDED length(save_buffer) > 0;\n                    /* CIF TASK (714, 326), (188, 35) */\n                    TASK param := save_buffer(0);\n                    /* CIF TASK (633, 376), (350, 34) */\n                    TASK save_buffer := save_buffer(1, length(save_buffer));\n                    /* CIF TASK (647, 425), (323, 56) */\n                    TASK save_buffer := if length(save_buffer) > 1\nthen {true} else save_buffer // {false } fi;\n                    /* CIF TASK (650, 496), (316, 56) */\n                    TASK save_buffer := if length(save_buffer) > 1\nthen save_buffer(1, length(save_buffer))\nelse {} fi;\n                    /* CIF PROCEDURECALL (708, 567), (200, 35) */\n                    CALL writeln('Running: ', param);\n                    /* CIF NEXTSTATE (764, 617), (88, 35) */\n                    NEXTSTATE Running;\n                /* CIF INPUT (1053, 276), (70, 35) */\n                INPUT Run;\n                    /* CIF PROCEDURECALL (990, 326), (194, 35) */\n                    CALL writeln('Already running');\n                    /* CIF NEXTSTATE (1053, 376), (70, 35) */\n                    NEXTSTATE -;\n            ENDSTATE;\n        ENDPROCESS og;\n    ENDBLOCK;\n'
