[INFO] Starting to parse model ./test-eds1/dataview.asn
[ERROR] visitType: Unable to process: ENUMERATED{start(0),stop(1)}
[ERROR] (visitTypeAssigment) Unsupported construct:  Input: 'StartStopT ::= ENUMERATED
  {
    start(0),
    stop(1)
  }' at pos 24:0
  	 File: ./test-eds1/dataview.asn
[ERROR] (visitSequenceType) Unsupported construct:  Input: 'SEQUENCE {
      }' at pos 68:33
  	 File: ./test-eds1/dataview.asn
  	Empty sequences are not yet supported.
[ERROR] (visitSequenceType) Unsupported construct:  Input: 'SEQUENCE {
      }' at pos 70:19
  	 File: ./test-eds1/dataview.asn
  	Empty sequences are not yet supported.
[ERROR] visitType: Unable to process: MemoryIDTypeT(0..0)
[ERROR] (visitComponentType) Unsupported construct:  Input: 'memoryID MemoryIDTypeT (0..0)' at pos 73:5
  	 File: ./test-eds1/dataview.asn
[ERROR] visitType: Unable to process: MemoryAddressTypeT(100..100)
[ERROR] (visitComponentType) Unsupported construct:  Input: 'memoryAddress MemoryAddressTypeT (100..100)' at pos 74:5
  	 File: ./test-eds1/dataview.asn
[ERROR] visitType: Unable to process: MemoryIDTypeT(0..0)
[ERROR] (visitComponentType) Unsupported construct:  Input: 'memoryID MemoryIDTypeT (0..0)' at pos 78:5
  	 File: ./test-eds1/dataview.asn
[ERROR] visitType: Unable to process: MemoryAddressTypeT(100..100)
[ERROR] (visitComponentType) Unsupported construct:  Input: 'memoryAddress MemoryAddressTypeT (100..100)' at pos 79:5
  	 File: ./test-eds1/dataview.asn
[ERROR] visitType: Unable to process: CHOICE{readExtendedstatusormodetypeSEQUENCE{},readStatustypeSEQUENCE{},unacknowledgedWriteSEQUENCE{memoryIDMemoryIDTypeT(0..0),memoryAddressMemoryAddressTypeT(100..100),dataReadStatusModeCommandTypeT},writeSEQUENCE{memoryIDMemoryIDTypeT(0..0),memoryAddressMemoryAddressTypeT(100..100),dataReadStatusModeCommandTypeT}}
[ERROR] visitType: Unable to process: CHOICE{sendCommandCHOICE{readExtendedstatusormodetypeSEQUENCE{},readStatustypeSEQUENCE{},unacknowledgedWriteSEQUENCE{memoryIDMemoryIDTypeT(0..0),memoryAddressMemoryAddressTypeT(100..100),dataReadStatusModeCommandTypeT},writeSEQUENCE{memoryIDMemoryIDTypeT(0..0),memoryAddressMemoryAddressTypeT(100..100),dataReadStatusModeCommandTypeT}}}
[ERROR] (visitTypeAssigment) Unsupported construct:  Input: 'MASInterfaceTypeDownType ::= CHOICE
  {
    sendCommand CHOICE {
      readExtendedstatusormodetype SEQUENCE {
      },
      readStatustype SEQUENCE {
      },
      unacknowledgedWrite SEQUENCE {
       memoryID MemoryIDTypeT (0..0),
       memoryAddress MemoryAddressTypeT (100..100),
       data ReadStatusModeCommandTypeT
      },
      write SEQUENCE {
       memoryID MemoryIDTypeT (0..0),
       memoryAddress MemoryAddressTypeT (100..100),
       data ReadStatusModeCommandTypeT
      }
    }
  }' at pos 65:0
  	 File: ./test-eds1/dataview.asn
[ERROR] (visitSequenceType) Unsupported construct:  Input: 'SEQUENCE {
      }' at pos 94:10
  	 File: ./test-eds1/dataview.asn
  	Empty sequences are not yet supported.
[ERROR] visitType: Unable to process: CHOICE{readExtendedstatusormodetypeSEQUENCE{dataExtendedStatusOrModeTypeT},readStatustypeSEQUENCE{dataStatusTypeT},writeSEQUENCE{}}
[ERROR] visitType: Unable to process: CHOICE{replyToCommandCHOICE{readExtendedstatusormodetypeSEQUENCE{dataExtendedStatusOrModeTypeT},readStatustypeSEQUENCE{dataStatusTypeT},writeSEQUENCE{}}}
[ERROR] (visitTypeAssigment) Unsupported construct:  Input: 'MASInterfaceTypeUpType ::= CHOICE
  {
    replyToCommand CHOICE {
      readExtendedstatusormodetype SEQUENCE {
       data ExtendedStatusOrModeTypeT
      },
      readStatustype SEQUENCE {
       data StatusTypeT
      },
      write SEQUENCE {
      }
    }
  }' at pos 85:0
  	 File: ./test-eds1/dataview.asn
[ERROR] visitType: Unable to process: CHOICE{sendSEQUENCE{dataTelecommandTypeT}}
Too many errors (20)
[FATAL] Failed to parse model
      java.lang.RuntimeException: Fatal error occurred. The tool will stop now.

java.lang.RuntimeException: Fatal error occurred. The tool will stop now.
	at ee.ibk.sdl.parser.utils.EventHandler.handle(EventHandler.java:141)
	at ee.ibk.sdl.parser.utils.EventHandler.error(EventHandler.java:198)
	at ee.ibk.sdl.parser.asn1.ASN1ToGAVisitor.visitType(ASN1ToGAVisitor.java:397)
	at ee.ibk.sdl.parser.asn1.ASN1ToGAVisitor.visitType(ASN1ToGAVisitor.java:1)
	at ee.ibk.sdl.parser.asn1.ASN1Parser$TypeContext.accept(ASN1Parser.java:1302)
	at org.antlr.v4.runtime.tree.AbstractParseTreeVisitor.visitChildren(AbstractParseTreeVisitor.java:46)
	at ee.ibk.sdl.parser.asn1.ASN1ToGAVisitor.visitChoiceItem(ASN1ToGAVisitor.java:548)
	at ee.ibk.sdl.parser.asn1.ASN1ToGAVisitor.visitChoiceItem(ASN1ToGAVisitor.java:1)
	at ee.ibk.sdl.parser.asn1.ASN1Parser$ChoiceItemContext.accept(ASN1Parser.java:2548)
	at org.antlr.v4.runtime.tree.AbstractParseTreeVisitor.visitChildren(AbstractParseTreeVisitor.java:46)
	at ee.ibk.sdl.parser.asn1.ASN1ToGAVisitor.visitChoiceItemsList(ASN1ToGAVisitor.java:541)
	at ee.ibk.sdl.parser.asn1.ASN1ToGAVisitor.visitChoiceItemsList(ASN1ToGAVisitor.java:1)
	at ee.ibk.sdl.parser.asn1.ASN1Parser$ChoiceItemsListContext.accept(ASN1Parser.java:2490)
	at org.antlr.v4.runtime.tree.AbstractParseTreeVisitor.visitChildren(AbstractParseTreeVisitor.java:46)
	at ee.ibk.sdl.parser.asn1.ASN1ToGAVisitor.visitChoiceType(ASN1ToGAVisitor.java:527)
	at ee.ibk.sdl.parser.asn1.ASN1ToGAVisitor.visitChoiceType(ASN1ToGAVisitor.java:1)
	at ee.ibk.sdl.parser.asn1.ASN1Parser$ChoiceTypeContext.accept(ASN1Parser.java:2346)
	at org.antlr.v4.runtime.tree.AbstractParseTreeVisitor.visitChildren(AbstractParseTreeVisitor.java:46)
	at ee.ibk.sdl.parser.asn1.ASN1ToGAVisitor.visitType(ASN1ToGAVisitor.java:313)
	at ee.ibk.sdl.parser.asn1.ASN1ToGAVisitor.visitType(ASN1ToGAVisitor.java:1)
	at ee.ibk.sdl.parser.asn1.ASN1Parser$TypeContext.accept(ASN1Parser.java:1302)
	at org.antlr.v4.runtime.tree.AbstractParseTreeVisitor.visit(AbstractParseTreeVisitor.java:18)
	at ee.ibk.sdl.parser.asn1.ASN1ToGAVisitor.visitTypeAssigment(ASN1ToGAVisitor.java:206)
	at ee.ibk.sdl.parser.asn1.ASN1ToGAVisitor.visitTypeAssigment(ASN1ToGAVisitor.java:1)
	at ee.ibk.sdl.parser.asn1.ASN1Parser$TypeAssigmentContext.accept(ASN1Parser.java:939)
	at org.antlr.v4.runtime.tree.AbstractParseTreeVisitor.visit(AbstractParseTreeVisitor.java:18)
	at ee.ibk.sdl.parser.asn1.ASN1ToGAVisitor.visitModuleDefinition(ASN1ToGAVisitor.java:143)
	at ee.ibk.sdl.parser.asn1.ASN1ToGAVisitor.visitModuleDefinition(ASN1ToGAVisitor.java:1)
	at ee.ibk.sdl.parser.asn1.ASN1Parser$ModuleDefinitionContext.accept(ASN1Parser.java:427)
	at org.antlr.v4.runtime.tree.AbstractParseTreeVisitor.visit(AbstractParseTreeVisitor.java:18)
	at ee.ibk.sdl.parser.asn1.ASN1ToGAVisitor.visitModuleDefinitions(ASN1ToGAVisitor.java:92)
	at ee.ibk.sdl.parser.asn1.ASN1ToGAVisitor.visitModuleDefinitions(ASN1ToGAVisitor.java:1)
	at ee.ibk.sdl.parser.asn1.ASN1Parser$ModuleDefinitionsContext.accept(ASN1Parser.java:218)
	at org.antlr.v4.runtime.tree.AbstractParseTreeVisitor.visit(AbstractParseTreeVisitor.java:18)
	at ee.ibk.sdl.parser.ParseHandler.doParseASN1(ParseHandler.java:107)
	at ee.ibk.sdl.parser.ParseHandler.parseFile(ParseHandler.java:141)
	at ee.ibk.sdl.parser.Main.processFile(Main.java:588)
	at ee.ibk.sdl.parser.Main.processInputFiles(Main.java:478)
	at ee.ibk.sdl.parser.Main.doMain(Main.java:190)
	at ee.ibk.sdl.parser.Main.main(Main.java:132)
	at sun.reflect.NativeMethodAccessorImpl.invoke0(Native Method)
	at sun.reflect.NativeMethodAccessorImpl.invoke(NativeMethodAccessorImpl.java:62)
	at sun.reflect.DelegatingMethodAccessorImpl.invoke(DelegatingMethodAccessorImpl.java:43)
	at java.lang.reflect.Method.invoke(Method.java:498)
	at org.eclipse.jdt.internal.jarinjarloader.JarRsrcLoader.main(JarRsrcLoader.java:58)
Too many errors (21)
java.lang.RuntimeException: Fatal error occurred. The tool will stop now.
	at ee.ibk.sdl.parser.utils.EventHandler.handle(EventHandler.java:141)
	at ee.ibk.sdl.parser.utils.EventHandler.fatal(EventHandler.java:171)
	at ee.ibk.sdl.parser.Main.processFile(Main.java:593)
	at ee.ibk.sdl.parser.Main.processInputFiles(Main.java:478)
	at ee.ibk.sdl.parser.Main.doMain(Main.java:190)
	at ee.ibk.sdl.parser.Main.main(Main.java:132)
	at sun.reflect.NativeMethodAccessorImpl.invoke0(Native Method)
	at sun.reflect.NativeMethodAccessorImpl.invoke(NativeMethodAccessorImpl.java:62)
	at sun.reflect.DelegatingMethodAccessorImpl.invoke(DelegatingMethodAccessorImpl.java:43)
	at java.lang.reflect.Method.invoke(Method.java:498)
	at org.eclipse.jdt.internal.jarinjarloader.JarRsrcLoader.main(JarRsrcLoader.java:58)
