[INFO] Starting to parse model test-eds1/testsc.pr
[INFO] Parsing completed
[INFO] Starting to post-process
[INFO] Output written to test-eds1/testsc.xmi
