[INFO] Tool is executed in parse-only mode. Output file will not be created.
[INFO] Starting to parse model test-eds1/testsc.pr
[INFO] Parsing completed. Nothing more to do.
