[INFO] Starting to parse model: test-ibk2/system_structure.pr
[INFO] Parsing completed
[INFO] Parse result: 102
