[INFO] Starting to parse model: test-emptysequence/og.pr
[ERROR] Failed to parse model.
    line 3:4 no viable alternative at input '/* CIF TEXT (159, 221), (289, 188) */\n    -- Text area for declarations and comments\n\nuse dv comment 'dataview.asn';\n\nsignal dd;\nsignal we;\n    /* CIF ENDTEXT */\n    CHANNEL c\n        FROM ENV TO og WITH dd;\n        FROM og TO ENV WITH we;\n    ENDCHANNEL;\n    BLOCK og;\n        SIGNALROUTE r\n            FROM ENV TO og WITH dd;\n            FROM og TO ENV WITH we;\n        CONNECT c AND r;\n        /* CIF PROCESS (225, 49), (150, 75) */\n        PROCESS og;\n            /* CIF TEXT (79, 58), (337, 130) */\n            --  Test support for empty sequences and NULL type\n\ndcl empty1 EmptySeq := c1;\n\ndcl null1 NullType;\n\ndcl choice1 ChoiceWithEmptySeq := a: n1;\n            /* CIF ENDTEXT */\n            /* CIF START (182, 226), (70, 35) */\n            START;\n                /* CIF TASK (160, 276), (115, 35) */\n                TASK empty1 := c1\n                /* CIF COMMENT (294, 276), (139, 35) */\n                COMMENT 'Using a constant';\n                /* CIF TASK (161, 326), (112, 35) */\n                TASK empty1 := {}\n                /* CIF COMMENT (292, 326), (135, 35) */\n                COMMENT 'Classic notation';\n                /* CIF TASK (152, 376), (130, 35) */\n                TASK choice1 := b: c1;\n                /* CIF TASK (154, 426), (126, 35) */\n                TASK choice1 := b: {};\n                /* CIF TASK (167, 476), (100, 35) */\n                TASK null1 := n1;\n                /* CIF NEXTSTATE (182, 526), (70, 35) */\n                NEXTSTATE wait;\n            /* CIF STATE (446, 231), (70, 35) */\n            STATE wait;\n                /* CIF INPUT (439, 286), (84, 35) */\n                INPUT dd;\n                    /* CIF OUTPUT (437, 336), (89, 35) */\n                    OUTPUT we;\n                    /* CIF NEXTSTATE (446, 386), (70, 35) */\n                    NEXTSTATE wait;\n            ENDSTATE;\n        ENDPROCESS og;\n    ENDBLOCK;\n'
