[INFO] Starting to parse model test-llvm/system_structure.pr
[INFO] Parsing completed
[INFO] Starting to post-process
[INFO] Output written to test-llvm/system_structure.xmi
