[INFO] Starting to parse model test10/system_structure.pr
[INFO] Parsing completed
[INFO] Starting to post-process
[INFO] Output written to test10/system_structure.xmi
