[INFO] Starting to parse model: test-math/system_structure.pr
[INFO] Parsing completed
[INFO] Parse result: 102
