[INFO] Starting to parse model ./test-math/system_structure.pr
[INFO] Parsing completed
[INFO] Starting to parse model ./test-math/dataview-uniq.asn
[INFO] Parsing completed
[INFO] Starting to parse model ./test-math/expressions.pr
[ERROR] (visitProcedure. feature='Procedure result') Unsupported construct:  Input: 'procedure log;
  fpar in par real;
  returns real
  external;' at pos 11:0
  	 File: ./test-math/expressions.pr
[ERROR] (visitProcess_definition. feature=text_area) Unsupported child node:  ee.ibk.sdl.parser.sdl.nodes.ProcedureNode@54acff7d
  	 Input: 'procedure log;
  fpar in par real;
  returns real
  external;' at pos 11:0
  	 File: ./test-math/expressions.pr
[INFO] Parsing completed
java.lang.RuntimeException: Errors have occured during the tool's execution. The tool will be stopped.
	at ee.ibk.sdl.parser.utils.EventHandler.stopOnErrors(EventHandler.java:258)
	at ee.ibk.sdl.parser.Main.processInputFiles(Main.java:491)
	at ee.ibk.sdl.parser.Main.doMain(Main.java:190)
	at ee.ibk.sdl.parser.Main.main(Main.java:132)
	at sun.reflect.NativeMethodAccessorImpl.invoke0(Native Method)
	at sun.reflect.NativeMethodAccessorImpl.invoke(NativeMethodAccessorImpl.java:62)
	at sun.reflect.DelegatingMethodAccessorImpl.invoke(DelegatingMethodAccessorImpl.java:43)
	at java.lang.reflect.Method.invoke(Method.java:498)
	at org.eclipse.jdt.internal.jarinjarloader.JarRsrcLoader.main(JarRsrcLoader.java:58)
