[INFO] Starting to parse model test8/system_structure.pr
[ERROR] Failed to parse model.
    org.antlr.v4.runtime.misc.ParseCancellationException: line 25:39 mismatched input ';' expecting '*/'
org.antlr.v4.runtime.misc.ParseCancellationException: line 25:39 mismatched input ';' expecting '*/'
	at ee.ibk.sdl.parser.ThrowingErrorListener.syntaxError(ThrowingErrorListener.java:18)
	at org.antlr.v4.runtime.ProxyErrorListener.syntaxError(ProxyErrorListener.java:41)
	at org.antlr.v4.runtime.Parser.notifyErrorListeners(Parser.java:544)
	at org.antlr.v4.runtime.DefaultErrorStrategy.reportInputMismatch(DefaultErrorStrategy.java:299)
	at org.antlr.v4.runtime.DefaultErrorStrategy.reportError(DefaultErrorStrategy.java:124)
	at ee.ibk.sdl.parser.grammar.SDLParser.cif_end(SDLParser.java:10779)
	at ee.ibk.sdl.parser.grammar.SDLParser.use_asn1(SDLParser.java:10575)
	at ee.ibk.sdl.parser.grammar.SDLParser.use_clause(SDLParser.java:455)
	at ee.ibk.sdl.parser.grammar.SDLParser.pr_file(SDLParser.java:297)
	at ee.ibk.sdl.parser.SDLParserMain.doParse(SDLParserMain.java:40)
	at ee.ibk.sdl.parser.SDLParserMain.parseFile(SDLParserMain.java:72)
	at ee.ibk.sdl.parser.SDLParserMain.main(SDLParserMain.java:117)
	at sun.reflect.NativeMethodAccessorImpl.invoke0(Native Method)
	at sun.reflect.NativeMethodAccessorImpl.invoke(NativeMethodAccessorImpl.java:62)
	at sun.reflect.DelegatingMethodAccessorImpl.invoke(DelegatingMethodAccessorImpl.java:43)
	at java.lang.reflect.Method.invoke(Method.java:498)
	at org.eclipse.jdt.internal.jarinjarloader.JarRsrcLoader.main(JarRsrcLoader.java:58)
