[INFO] Starting to parse model test-provided1/og.pr
[INFO] Parsing completed
[INFO] Starting to post-process
[INFO] Output written to test-provided1/og.xmi
