[WARNING] Only ASN.1 files given as input. The generated code will import these types, but will not not contain any logic using them. Supply also an SDL model or use the --stub-system (-s) option, if you want to make use of these types.
[INFO] Starting to parse model test-provided2/dataview-uniq.asn
[ERROR] visitType: Unable to process: ENUMERATED{safe,operational}
[ERROR] visitType: Unable to process: CHOICE{change-modeENUMERATED{safe,operational},patch-memoryINTEGER(0..100)}
[ERROR] Unsupported construct:  Input: 'contentCHOICE{change-modeENUMERATED{safe,operational},patch-memoryINTEGER(0..100)}' at pos 8:5
[INFO] Parsing completed
[INFO] Starting to post-process
[ERROR] Unable to resolve custom type reference: null
java.lang.RuntimeException: Errors have occured during the tool's execution. The tool will be stopped.
	at ee.ibk.sdl.parser.utils.EventHandler.stopOnErrors(EventHandler.java:244)
	at ee.ibk.sdl.parser.Main.processFile(Main.java:578)
	at ee.ibk.sdl.parser.Main.processInputFiles(Main.java:451)
	at ee.ibk.sdl.parser.Main.doMain(Main.java:185)
	at ee.ibk.sdl.parser.Main.main(Main.java:122)
	at sun.reflect.NativeMethodAccessorImpl.invoke0(Native Method)
	at sun.reflect.NativeMethodAccessorImpl.invoke(NativeMethodAccessorImpl.java:62)
	at sun.reflect.DelegatingMethodAccessorImpl.invoke(DelegatingMethodAccessorImpl.java:43)
	at java.lang.reflect.Method.invoke(Method.java:498)
	at org.eclipse.jdt.internal.jarinjarloader.JarRsrcLoader.main(JarRsrcLoader.java:58)
