[INFO] Starting to parse model test-provided2/og.pr
[INFO] Parsing completed
[INFO] Starting to post-process
[INFO] Output written to test-provided2/og.xmi
