[INFO] Starting to parse model test-aggregation2/og.pr
[INFO] Parsing completed
[INFO] Starting to post-process
[INFO] Output written to test-aggregation2/og.xmi
