[INFO] Starting to parse model: test-aggregation1/system_structure.pr
[ERROR] Failed to parse model.
    line 5:34 mismatched input ';' expecting '*/'
