[INFO] Starting to parse model ./test3/system_structure.pr
[INFO] Parsing completed
[INFO] Starting to parse model ./test3/dataview-uniq.asn
[ERROR] visitType: Unable to process: ENUMERATED{mcsc,mcsa,mcso,mpo}
[ERROR] (visitComponentType) Unsupported construct:  Input: 'sc-conf ENUMERATED {mcsc, mcsa, mcso, mpo}' at pos 60:4
  	 File: ./test3/dataview-uniq.asn
[ERROR] visitType: Unable to process: ENUMERATED{a,b}
[ERROR] (visitTypeAssigment) Unsupported construct:  Input: 'A-or-B ::= ENUMERATED {a, b}' at pos 104:0
  	 File: ./test3/dataview-uniq.asn
[ERROR] visitType: Unable to process: ENUMERATED{d,x}
[ERROR] (visitTypeAssigment) Unsupported construct:  Input: 'D-or-X ::= ENUMERATED {d, x}' at pos 105:0
  	 File: ./test3/dataview-uniq.asn
[ERROR] visitType: Unable to process: ENUMERATED{majority,minority}
[ERROR] (visitComponentType) Unsupported construct:  Input: 'arr-dep-flag ENUMERATED {majority, minority}' at pos 115:4
  	 File: ./test3/dataview-uniq.asn
[ERROR] visitType: Unable to process: ENUMERATED{ok,nok}
[ERROR] (visitTypeAssigment) Unsupported construct:  Input: 'Valid-ty ::= ENUMERATED {ok, nok}' at pos 121:0
  	 File: ./test3/dataview-uniq.asn
[INFO] Parsing completed
[INFO] Starting to parse model ./test3/fce.pr
[ERROR] (visitProcess_definition. feature=text_area) Unsupported child node:  StringNode [value=mmo_sep_check_delay]
  	 Input: 'm' at pos 48:6
  	 File: ./test3/fce.pr
[FATAL] Failed to parse model
      java.lang.ClassCastException: ee.ibk.sdl.parser.sdl.nodes.AggregateNode cannot be cast to ee.ibk.sdl.parser.sdl.nodes.ActionNode

java.lang.ClassCastException: ee.ibk.sdl.parser.sdl.nodes.AggregateNode cannot be cast to ee.ibk.sdl.parser.sdl.nodes.ActionNode
	at ee.ibk.sdl.parser.sdl.SDLToGAVisitor.visitTransition(SDLToGAVisitor.java:1166)
	at ee.ibk.sdl.parser.sdl.SDLToGAVisitor.visitTransition(SDLToGAVisitor.java:1)
	at ee.ibk.sdl.parser.sdl.SDLParser$TransitionContext.accept(SDLParser.java:5533)
	at org.antlr.v4.runtime.tree.AbstractParseTreeVisitor.visit(AbstractParseTreeVisitor.java:18)
	at ee.ibk.sdl.parser.sdl.SDLToGAVisitor.visitStart(SDLToGAVisitor.java:865)
	at ee.ibk.sdl.parser.sdl.SDLToGAVisitor.visitStart(SDLToGAVisitor.java:1)
	at ee.ibk.sdl.parser.sdl.SDLParser$StartContext.accept(SDLParser.java:3192)
	at org.antlr.v4.runtime.tree.AbstractParseTreeVisitor.visit(AbstractParseTreeVisitor.java:18)
	at ee.ibk.sdl.parser.sdl.SDLToGAVisitor.visitProcessBody(SDLToGAVisitor.java:845)
	at ee.ibk.sdl.parser.sdl.SDLToGAVisitor.visitProcessBody(SDLToGAVisitor.java:1)
	at ee.ibk.sdl.parser.sdl.SDLParser$ProcessBodyContext.accept(SDLParser.java:3105)
	at org.antlr.v4.runtime.tree.AbstractParseTreeVisitor.visit(AbstractParseTreeVisitor.java:18)
	at ee.ibk.sdl.parser.sdl.SDLToGAVisitor.visitProcess_definition(SDLToGAVisitor.java:530)
	at ee.ibk.sdl.parser.sdl.SDLToGAVisitor.visitProcess_definition(SDLToGAVisitor.java:1)
	at ee.ibk.sdl.parser.sdl.SDLParser$Process_definitionContext.accept(SDLParser.java:1175)
	at org.antlr.v4.runtime.tree.AbstractParseTreeVisitor.visit(AbstractParseTreeVisitor.java:18)
	at ee.ibk.sdl.parser.sdl.SDLToGAVisitor.visitPr_file(SDLToGAVisitor.java:162)
	at ee.ibk.sdl.parser.sdl.SDLToGAVisitor.visitPr_file(SDLToGAVisitor.java:1)
	at ee.ibk.sdl.parser.sdl.SDLParser$Pr_fileContext.accept(SDLParser.java:276)
	at org.antlr.v4.runtime.tree.AbstractParseTreeVisitor.visit(AbstractParseTreeVisitor.java:18)
	at ee.ibk.sdl.parser.ParseHandler.doParseSDL(ParseHandler.java:64)
	at ee.ibk.sdl.parser.ParseHandler.parseFile(ParseHandler.java:139)
	at ee.ibk.sdl.parser.Main.processFile(Main.java:588)
	at ee.ibk.sdl.parser.Main.processFile(Main.java:694)
	at ee.ibk.sdl.parser.Main.processInputFiles(Main.java:485)
	at ee.ibk.sdl.parser.Main.doMain(Main.java:190)
	at ee.ibk.sdl.parser.Main.main(Main.java:132)
	at sun.reflect.NativeMethodAccessorImpl.invoke0(Native Method)
	at sun.reflect.NativeMethodAccessorImpl.invoke(NativeMethodAccessorImpl.java:62)
	at sun.reflect.DelegatingMethodAccessorImpl.invoke(DelegatingMethodAccessorImpl.java:43)
	at java.lang.reflect.Method.invoke(Method.java:498)
	at org.eclipse.jdt.internal.jarinjarloader.JarRsrcLoader.main(JarRsrcLoader.java:58)
java.lang.RuntimeException: Fatal error occurred. The tool will stop now.
	at ee.ibk.sdl.parser.utils.EventHandler.handle(EventHandler.java:141)
	at ee.ibk.sdl.parser.utils.EventHandler.fatal(EventHandler.java:171)
	at ee.ibk.sdl.parser.Main.processFile(Main.java:593)
	at ee.ibk.sdl.parser.Main.processFile(Main.java:694)
	at ee.ibk.sdl.parser.Main.processInputFiles(Main.java:485)
	at ee.ibk.sdl.parser.Main.doMain(Main.java:190)
	at ee.ibk.sdl.parser.Main.main(Main.java:132)
	at sun.reflect.NativeMethodAccessorImpl.invoke0(Native Method)
	at sun.reflect.NativeMethodAccessorImpl.invoke(NativeMethodAccessorImpl.java:62)
	at sun.reflect.DelegatingMethodAccessorImpl.invoke(DelegatingMethodAccessorImpl.java:43)
	at java.lang.reflect.Method.invoke(Method.java:498)
	at org.eclipse.jdt.internal.jarinjarloader.JarRsrcLoader.main(JarRsrcLoader.java:58)
