[INFO] Starting to parse model test-types/DataView.pr
[ERROR] Failed to parse model.
    org.antlr.v4.runtime.misc.ParseCancellationException: line 1:0 mismatched input 'Datamodel' expecting {'/* CIF', PROCESS, SYSTEM, USE}
