[INFO] Starting to parse model ./test-types/dataview-uniq.asn
[ERROR] visitType: Unable to process: ENUMERATED{hello,world,howareyou}
[ERROR] (visitTypeAssigment) Unsupported construct:  Input: 'MyEnum	    ::= ENUMERATED { hello, world, howareyou }' at pos 10:0
  	 File: ./test-types/dataview-uniq.asn
[ERROR] visitType: Unable to process: ENUMERATED{taste(1),welcomes(2),you(3)}
[ERROR] (visitComponentType) Unsupported construct:  Input: 'b ENUMERATED { taste(1), welcomes(2), you(3) }' at pos 14:6
  	 File: ./test-types/dataview-uniq.asn
[ERROR] visitType: Unable to process: CHOICE{aBOOLEAN,bMySeq,cMySeq2}
[ERROR] (visitTypeAssigment) Unsupported construct:  Input: 'MyChoice    ::= CHOICE {
  		    a BOOLEAN,
  		    b MySeq,
  		    c MySeq2
  }' at pos 19:0
  	 File: ./test-types/dataview-uniq.asn
[ERROR] visitType: Unable to process: CHOICE{cmd1BOOLEAN,cmd2SEQUENCE(SIZE(0..10))OFBOOLEAN}
[ERROR] visitType: Unable to process: CHOICE{replyToCommandCHOICE{cmd1BOOLEAN,cmd2SEQUENCE(SIZE(0..10))OFBOOLEAN}}
[ERROR] (visitTypeAssigment) Unsupported construct:  Input: 'T1 ::= CHOICE {
    replyToCommand CHOICE { cmd1 BOOLEAN, cmd2 SEQUENCE(SIZE(0..10)) OF BOOLEAN }
  }' at pos 34:0
  	 File: ./test-types/dataview-uniq.asn
[ERROR] Bad long integer value: {hello,world}
[FATAL] Failed to parse model
      java.lang.ClassCastException: ee.ibk.sdl.parser.asn1.nodes.AggregateNode cannot be cast to ee.ibk.sdl.parser.asn1.nodes.ValueAssignmentNode

java.lang.ClassCastException: ee.ibk.sdl.parser.asn1.nodes.AggregateNode cannot be cast to ee.ibk.sdl.parser.asn1.nodes.ValueAssignmentNode
	at ee.ibk.sdl.parser.asn1.ASN1ToGAVisitor.visitModuleDefinition(ASN1ToGAVisitor.java:162)
	at ee.ibk.sdl.parser.asn1.ASN1ToGAVisitor.visitModuleDefinition(ASN1ToGAVisitor.java:1)
	at ee.ibk.sdl.parser.asn1.ASN1Parser$ModuleDefinitionContext.accept(ASN1Parser.java:427)
	at org.antlr.v4.runtime.tree.AbstractParseTreeVisitor.visit(AbstractParseTreeVisitor.java:18)
	at ee.ibk.sdl.parser.asn1.ASN1ToGAVisitor.visitModuleDefinitions(ASN1ToGAVisitor.java:92)
	at ee.ibk.sdl.parser.asn1.ASN1ToGAVisitor.visitModuleDefinitions(ASN1ToGAVisitor.java:1)
	at ee.ibk.sdl.parser.asn1.ASN1Parser$ModuleDefinitionsContext.accept(ASN1Parser.java:218)
	at org.antlr.v4.runtime.tree.AbstractParseTreeVisitor.visit(AbstractParseTreeVisitor.java:18)
	at ee.ibk.sdl.parser.ParseHandler.doParseASN1(ParseHandler.java:107)
	at ee.ibk.sdl.parser.ParseHandler.parseFile(ParseHandler.java:141)
	at ee.ibk.sdl.parser.Main.processFile(Main.java:588)
	at ee.ibk.sdl.parser.Main.processInputFiles(Main.java:478)
	at ee.ibk.sdl.parser.Main.doMain(Main.java:190)
	at ee.ibk.sdl.parser.Main.main(Main.java:132)
	at sun.reflect.NativeMethodAccessorImpl.invoke0(Native Method)
	at sun.reflect.NativeMethodAccessorImpl.invoke(NativeMethodAccessorImpl.java:62)
	at sun.reflect.DelegatingMethodAccessorImpl.invoke(DelegatingMethodAccessorImpl.java:43)
	at java.lang.reflect.Method.invoke(Method.java:498)
	at org.eclipse.jdt.internal.jarinjarloader.JarRsrcLoader.main(JarRsrcLoader.java:58)
java.lang.RuntimeException: Fatal error occurred. The tool will stop now.
	at ee.ibk.sdl.parser.utils.EventHandler.handle(EventHandler.java:141)
	at ee.ibk.sdl.parser.utils.EventHandler.fatal(EventHandler.java:171)
	at ee.ibk.sdl.parser.Main.processFile(Main.java:593)
	at ee.ibk.sdl.parser.Main.processInputFiles(Main.java:478)
	at ee.ibk.sdl.parser.Main.doMain(Main.java:190)
	at ee.ibk.sdl.parser.Main.main(Main.java:132)
	at sun.reflect.NativeMethodAccessorImpl.invoke0(Native Method)
	at sun.reflect.NativeMethodAccessorImpl.invoke(NativeMethodAccessorImpl.java:62)
	at sun.reflect.DelegatingMethodAccessorImpl.invoke(DelegatingMethodAccessorImpl.java:43)
	at java.lang.reflect.Method.invoke(Method.java:498)
	at org.eclipse.jdt.internal.jarinjarloader.JarRsrcLoader.main(JarRsrcLoader.java:58)
