[INFO] Starting to parse model test-types/system_structure.pr
[INFO] Parsing completed
[INFO] Starting to post-process
[INFO] Output written to test-types/system_structure.xmi
