[INFO] Starting to parse model ./test-provided3/og.pr
[ERROR] (visitSystem_definition) Unsupported child node:  AggregateNode (2 nodes) [nodes=[SignalNode [name=telecommand, param=ParamRecord [paramName=null, typeName=tc_type]], SignalNode [name=telemetry, param=ParamRecord [paramName=null, typeName=tm_type]]]]
  	 Input: 'signal telecommand(tc_type);' at pos 5:0
  	 File: ./test-provided3/og.pr
[ERROR] Unable to find matching signal definition for event: telecommand
[ERROR] Unable to find matching signal definition for event: telemetry
[INFO] Parsing completed
java.lang.RuntimeException: Errors have occured during the tool's execution. The tool will be stopped.
	at ee.ibk.sdl.parser.utils.EventHandler.stopOnErrors(EventHandler.java:258)
	at ee.ibk.sdl.parser.Main.processInputFiles(Main.java:491)
	at ee.ibk.sdl.parser.Main.doMain(Main.java:190)
	at ee.ibk.sdl.parser.Main.main(Main.java:132)
	at sun.reflect.NativeMethodAccessorImpl.invoke0(Native Method)
	at sun.reflect.NativeMethodAccessorImpl.invoke(NativeMethodAccessorImpl.java:62)
	at sun.reflect.DelegatingMethodAccessorImpl.invoke(DelegatingMethodAccessorImpl.java:43)
	at java.lang.reflect.Method.invoke(Method.java:498)
	at org.eclipse.jdt.internal.jarinjarloader.JarRsrcLoader.main(JarRsrcLoader.java:58)
