[INFO] Tool is executed in parse-only mode. Output file(s) will not be created.
[INFO] Starting to parse model ./test-substrings/system_structure.pr
[INFO] Parsing completed. Nothing more to do.
