[INFO] Starting to parse model: test6/system_structure.pr
[INFO] Parsing completed
[INFO] Parse result: 102
