[INFO] Starting to parse model test-branchcoverage/system_structure.pr
[INFO] Parsing completed
[INFO] Starting to post-process
[INFO] Output written to test-branchcoverage/system_structure.xmi
