[INFO] Starting to parse model: test9/system_structure.pr
[ERROR] Failed to parse model.
    line 5:34 mismatched input ';' expecting '*/'
