[INFO] Tool is executed in parse-only mode. Output file will not be created.
[INFO] Starting to parse model test-optionalfield/og.pr
[INFO] Parsing completed. Nothing more to do.
