[INFO] Starting to parse model: test-ibk/packetmanager.pr
[ERROR] Failed to parse model.
    line 8:20 no viable alternative at input '/* CIF TEXT (673, 16), (357, 140) */\n                    -- Text area for declarations and comments\n                    \n                    DCL noOfSentPackets My8BitArrayValueInteger := 1;\n                    /* CIF ENDTEXT */\n                    /* CIF START (28, 0), (70, 35) */\n                    START;\n                        /* CIF NEXTSTATE (0, 58), (127, 35) */\n                        NEXTSTATE frameReceival;\n                    /* CIF STATE (345, 0), (127, 35) */\n                    STATE frameReceival;\n                        /* CIF INPUT (318, 55), (181, 35) */\n                        INPUT ReceivePacket(packet);\n                            /* CIF OUTPUT (287, 105), (244, 35) */\n                            OUTPUT SendFrameCount(length(packet));\n                            /* CIF LABEL (348, 155), (122, 54) */\n                            frameSending:\n                            /* CIF OUTPUT (264, 224), (290, 35) */\n                            OUTPUT SendFrame(packet(noOfSentPackets - 1));\n                            /* CIF DECISION (258, 274), (301, 50) */\n                            DECISION length(packet) = noOfSentPackets;\n                                /* CIF ANSWER (137, 344), (70, 23) */\n                                (true):\n                                    /* CIF RETURN (155, 382), (35, 35) */\n                                    RETURN ;\n                                /* CIF ANSWER (618, 344), (70, 23) */\n                                (false):\n                                    /* CIF TASK (339, 382), (628, 35) */\n                                    TASK noOfSentPackets := if noOfsentPackets = 255 then noOfSentPackets else noOfSentPackets + 1 fi;\n                                    /* CIF JOIN (636, 432), (35, 35) */\n                                    JOIN frameSending;\n                            ENDDECISION;\n                    ENDSTATE;\n            ENDSUBSTRUCTURE;\n            STATE frameReceival;\n            SUBSTRUCTURE\n                    /* CIF TEXT (1100, 14), (336, 140) */\n                    -- Text area for declarations and comments\n                    \n                    DCL frameCounter My8BitArrayValueInteger := 0;\n                    /* CIF ENDTEXT */\n                    /* CIF START (69, 0), (70, 35) */\n                    START;\n                        /* CIF NEXTSTATE (22, 50), (164, 35) */\n                        NEXTSTATE frameCountReceival;\n                    /* CIF STATE (270, 0), (164, 35) */\n                    STATE frameCountReceival;\n                        /* CIF INPUT (231, 55), (243, 35) */\n                        INPUT ReceiveFrameCount(frameCount);\n                            /* CIF NEXTSTATE (289, 105), (127, 35) */\n                            NEXTSTATE frameReceival;\n                    ENDSTATE;\n                    /* CIF STATE (726, 0), (127, 35) */\n                    STATE frameReceival;\n                        /* CIF INPUT (695, 55), (189, 35) */\n                        INPUT ReceiveFrame(frame);\n                            /* CIF TASK (515, 105), (548, 38) */\n                            TASK frameCounter := if frameCounter = 255 then frameCounter else frameCounter + 1 fi,\npacket(frameCounter - 1) := frame;\n                            /* CIF DECISION (675, 161), (229, 41) */\n                            DECISION frameCounter = frameCount;\n                                /* CIF ANSWER (631, 222), (70, 23) */\n                                (true):\n                                    /* CIF OUTPUT (585, 260), (162, 35) */\n                                    OUTPUT SendPacket(packet);\n                                    /* CIF RETURN (648, 310), (35, 35) */\n                                    RETURN ;\n                                /* CIF ANSWER (873, 222), (70, 23) */\n                                (false):\n                                    /* CIF NEXTSTATE (844, 260), (127, 35) */\n                                    NEXTSTATE frameReceival;\n                            ENDDECISION;\n                    ENDSTATE;\n            ENDSUBSTRUCTURE;\n            /* CIF STATE (11, 0), (134, 35) */\n            STATE frameReceival;\n            ENDSTATE;\n            /* CIF STATE (0, 49), (159, 35) */\n            STATE packetReceival;\n            ENDSTATE;\n    ENDSUBSTRUCTURE;\n    /* CIF TEXT (328, 13), (300, 140) */\n    -- Text area for declarations and comments\n    \n    DCL frameCount My8BitArrayValueInteger;\n    \n    DCL frame MyFrame;\n    \n    DCL packet MyPacket;\n    /* CIF ENDTEXT */\n    /* CIF START (49, 1), (70, 35) */\n    START;\n        /* CIF LABEL (49, 56), (70, 35) */\n        waiting:\n        /* CIF NEXTSTATE (49, 111), (70, 35) */\n        NEXTSTATE wait;\n    /* CIF STATE (175, 1), (70, 35) */\n    STATE wait;\n    ENDSTATE;\n'
