[INFO] Starting to parse model test-ibk/system_structure.pr
[INFO] Parsing completed
[INFO] Starting to post-process
[INFO] Output written to test-ibk/system_structure.xmi
