[INFO] Starting to parse model ./test-operators/system_structure.pr
[INFO] Parsing completed
[INFO] Starting to parse model ./test-operators/dataview-uniq.asn
[ERROR] visitType: Unable to process: ENUMERATED{one(12),two(13),three(111)}
[ERROR] (visitTypeAssigment) Unsupported construct:  Input: 'Enum ::= ENUMERATED { one(12), two(13), three(111) }' at pos 12:0
  	 File: ./test-operators/dataview-uniq.asn
[ERROR] visitType: Unable to process: CHOICE{bBOOLEAN,iInteger,fReal}
[ERROR] (visitTypeAssigment) Unsupported construct:  Input: 'Choice ::= CHOICE {
      b BOOLEAN,
      i Integer,
      f Real
  }' at pos 14:0
  	 File: ./test-operators/dataview-uniq.asn
[FATAL] Failed to parse model
      java.lang.ClassCastException: ee.ibk.sdl.parser.asn1.nodes.AggregateNode cannot be cast to ee.ibk.sdl.parser.asn1.nodes.ValueAssignmentNode

java.lang.ClassCastException: ee.ibk.sdl.parser.asn1.nodes.AggregateNode cannot be cast to ee.ibk.sdl.parser.asn1.nodes.ValueAssignmentNode
	at ee.ibk.sdl.parser.asn1.ASN1ToGAVisitor.visitModuleDefinition(ASN1ToGAVisitor.java:162)
	at ee.ibk.sdl.parser.asn1.ASN1ToGAVisitor.visitModuleDefinition(ASN1ToGAVisitor.java:1)
	at ee.ibk.sdl.parser.asn1.ASN1Parser$ModuleDefinitionContext.accept(ASN1Parser.java:427)
	at org.antlr.v4.runtime.tree.AbstractParseTreeVisitor.visit(AbstractParseTreeVisitor.java:18)
	at ee.ibk.sdl.parser.asn1.ASN1ToGAVisitor.visitModuleDefinitions(ASN1ToGAVisitor.java:92)
	at ee.ibk.sdl.parser.asn1.ASN1ToGAVisitor.visitModuleDefinitions(ASN1ToGAVisitor.java:1)
	at ee.ibk.sdl.parser.asn1.ASN1Parser$ModuleDefinitionsContext.accept(ASN1Parser.java:218)
	at org.antlr.v4.runtime.tree.AbstractParseTreeVisitor.visit(AbstractParseTreeVisitor.java:18)
	at ee.ibk.sdl.parser.ParseHandler.doParseASN1(ParseHandler.java:107)
	at ee.ibk.sdl.parser.ParseHandler.parseFile(ParseHandler.java:141)
	at ee.ibk.sdl.parser.Main.processFile(Main.java:588)
	at ee.ibk.sdl.parser.Main.processFile(Main.java:654)
	at ee.ibk.sdl.parser.Main.processInputFiles(Main.java:485)
	at ee.ibk.sdl.parser.Main.doMain(Main.java:190)
	at ee.ibk.sdl.parser.Main.main(Main.java:132)
	at sun.reflect.NativeMethodAccessorImpl.invoke0(Native Method)
	at sun.reflect.NativeMethodAccessorImpl.invoke(NativeMethodAccessorImpl.java:62)
	at sun.reflect.DelegatingMethodAccessorImpl.invoke(DelegatingMethodAccessorImpl.java:43)
	at java.lang.reflect.Method.invoke(Method.java:498)
	at org.eclipse.jdt.internal.jarinjarloader.JarRsrcLoader.main(JarRsrcLoader.java:58)
java.lang.RuntimeException: Fatal error occurred. The tool will stop now.
	at ee.ibk.sdl.parser.utils.EventHandler.handle(EventHandler.java:141)
	at ee.ibk.sdl.parser.utils.EventHandler.fatal(EventHandler.java:171)
	at ee.ibk.sdl.parser.Main.processFile(Main.java:593)
	at ee.ibk.sdl.parser.Main.processFile(Main.java:654)
	at ee.ibk.sdl.parser.Main.processInputFiles(Main.java:485)
	at ee.ibk.sdl.parser.Main.doMain(Main.java:190)
	at ee.ibk.sdl.parser.Main.main(Main.java:132)
	at sun.reflect.NativeMethodAccessorImpl.invoke0(Native Method)
	at sun.reflect.NativeMethodAccessorImpl.invoke(NativeMethodAccessorImpl.java:62)
	at sun.reflect.DelegatingMethodAccessorImpl.invoke(DelegatingMethodAccessorImpl.java:43)
	at java.lang.reflect.Method.invoke(Method.java:498)
	at org.eclipse.jdt.internal.jarinjarloader.JarRsrcLoader.main(JarRsrcLoader.java:58)
