[WARNING] Only ASN.1 files given as input. The generated code will import these types, but will not not contain any logic using them. Supply also an SDL model or use the --stub-system (-s) option, if you want to make use of these types.
[INFO] Starting to parse model test-iterators/dataview-uniq.asn
[WARNING] Variable-size sequence currently imported as fixed-size:  Input: 'SEQUENCE(SIZE(1..4))OFT-Int' at pos 6:12
[INFO] Parsing completed
[INFO] Starting to post-process
[INFO] Output written to test-iterators/dataview-uniq.xmi
