[INFO] Starting to parse model ./test-simu/dataview-uniq.asn
[ERROR] visitType: Unable to process: ENUMERATED{one,two,three,four,five}
[ERROR] (visitTypeAssigment) Unsupported construct:  Input: 'MyEnum ::= ENUMERATED {one, two, three, four, five}' at pos 9:0
  	 File: ./test-simu/dataview-uniq.asn
[ERROR] visitType: Unable to process: ENUMERATED{aa,bb}
[ERROR] visitType: Unable to process: CHOICE{aBOOLEAN,bENUMERATED{aa,bb}}
[ERROR] (visitTypeAssigment) Unsupported construct:  Input: 'MyChoice ::= CHOICE { a BOOLEAN, b ENUMERATED { aa, bb } }' at pos 11:0
  	 File: ./test-simu/dataview-uniq.asn
[ERROR] visitType: Unable to process: SET(SIZE(1..3))OFINTEGER(0..10)
[ERROR] (visitTypeAssigment) Unsupported construct:  Input: 'MySetOf ::= SET (SIZE(1..3)) OF INTEGER (0..10)' at pos 15:0
  	 File: ./test-simu/dataview-uniq.asn
[INFO] Parsing completed
java.lang.RuntimeException: Errors have occured during the tool's execution. The tool will be stopped.
	at ee.ibk.sdl.parser.utils.EventHandler.stopOnErrors(EventHandler.java:258)
	at ee.ibk.sdl.parser.Main.processInputFiles(Main.java:491)
	at ee.ibk.sdl.parser.Main.doMain(Main.java:190)
	at ee.ibk.sdl.parser.Main.main(Main.java:132)
	at sun.reflect.NativeMethodAccessorImpl.invoke0(Native Method)
	at sun.reflect.NativeMethodAccessorImpl.invoke(NativeMethodAccessorImpl.java:62)
	at sun.reflect.DelegatingMethodAccessorImpl.invoke(DelegatingMethodAccessorImpl.java:43)
	at java.lang.reflect.Method.invoke(Method.java:498)
	at org.eclipse.jdt.internal.jarinjarloader.JarRsrcLoader.main(JarRsrcLoader.java:58)
