[INFO] Tool is executed in parse-only mode. Output file(s) will not be created.
[INFO] Starting to parse model test-eds2/demodevicedsap.pr
[INFO] Parsing completed. Nothing more to do.
