[INFO] Starting to parse model ./test-eds2/Demo.asn
[ERROR] ASN.1 visitValue_double_dot: FloatingPointLiteral_DOUBLE_DOT not yet supported:
  	-3.4028234663852886E+38..
[ERROR] visitType: Unable to process: ENUMERATED{reset(0),doALittleBitOfStuff(1),doLotsOfStuff(4),doTonnesOfStuffBadly(6),revealABugAndMalfunction(9)}
[ERROR] (visitTypeAssigment) Unsupported construct:  Input: 'ModeTypeT ::= ENUMERATED
  {
    reset(0),
    doALittleBitOfStuff(1),
    doLotsOfStuff(4),
    doTonnesOfStuffBadly(6),
    revealABugAndMalfunction(9)
  }' at pos 88:0
  	 File: ./test-eds2/Demo.asn
[ERROR] visitType: Unable to process: ENUMERATED{event1(0),event2(1),event3(2)}
[ERROR] (visitTypeAssigment) Unsupported construct:  Input: 'EventTypeTypeT ::= ENUMERATED
  {
    event1(0),
    event2(1),
    event3(2)
  }' at pos 101:0
  	 File: ./test-eds2/Demo.asn
[ERROR] visitType: Unable to process: ENUMERATED{readStatus(1),readMode(2)}
[ERROR] (visitTypeAssigment) Unsupported construct:  Input: 'ReadStatusModeCommandTypeT ::= ENUMERATED
  {
    readStatus(1),
    readMode(2)
  }' at pos 112:0
  	 File: ./test-eds2/Demo.asn
[ERROR] visitType: Unable to process: ENUMERATED{mode(0),status(1)}
[ERROR] (visitTypeAssigment) Unsupported construct:  Input: 'ExtendedStatusModeEnumTypeT ::= ENUMERATED
  {
    mode(0),
    status(1)
  }' at pos 122:0
  	 File: ./test-eds2/Demo.asn
[ERROR] visitType: Unable to process: ENUMERATED{mode(0),userData(1)}
[ERROR] (visitTypeAssigment) Unsupported construct:  Input: 'TelecommandTypeEnumTypeT ::= ENUMERATED
  {
    mode(0),
    userData(1)
  }' at pos 132:0
  	 File: ./test-eds2/Demo.asn
[ERROR] visitType: Unable to process: ENUMERATED{ack(0),type1(1),type2(2),event(3)}
[ERROR] (visitTypeAssigment) Unsupported construct:  Input: 'TelemetryTypeEnumTypeT ::= ENUMERATED
  {
    ack(0),
    type1(1),
    type2(2),
    event(3)
  }' at pos 142:0
  	 File: ./test-eds2/Demo.asn
[ERROR] visitType: Unable to process: CHOICE{modeExtendedModeUnionTypeBodyT,statusExtendedStatusUnionTypeBodyT}
[ERROR] (visitComponentType) Unsupported construct:  Input: 'contents CHOICE {
        mode  ExtendedModeUnionTypeBodyT,
        status  ExtendedStatusUnionTypeBodyT
    }' at pos 217:2
  	 File: ./test-eds2/Demo.asn
[ERROR] visitType: Unable to process: CHOICE{modeTelecommandModeTypeBodyT,userDataTelecommandUserDataTypeBodyT}
[ERROR] (visitComponentType) Unsupported construct:  Input: 'contents CHOICE {
        mode  TelecommandModeTypeBodyT,
        userData  TelecommandUserDataTypeBodyT
    }' at pos 275:2
  	 File: ./test-eds2/Demo.asn
[FATAL] Failed to parse model
      java.lang.NullPointerException: null

java.lang.NullPointerException
	at org.antlr.v4.runtime.tree.AbstractParseTreeVisitor.visit(AbstractParseTreeVisitor.java:18)
	at ee.ibk.sdl.parser.asn1.ASN1ToGAVisitor.visitSequenceOfType(ASN1ToGAVisitor.java:769)
	at ee.ibk.sdl.parser.asn1.ASN1ToGAVisitor.visitSequenceOfType(ASN1ToGAVisitor.java:1)
	at ee.ibk.sdl.parser.asn1.ASN1Parser$SequenceOfTypeContext.accept(ASN1Parser.java:3343)
	at org.antlr.v4.runtime.tree.AbstractParseTreeVisitor.visitChildren(AbstractParseTreeVisitor.java:46)
	at ee.ibk.sdl.parser.asn1.ASN1ToGAVisitor.visitType(ASN1ToGAVisitor.java:313)
	at ee.ibk.sdl.parser.asn1.ASN1ToGAVisitor.visitType(ASN1ToGAVisitor.java:1)
	at ee.ibk.sdl.parser.asn1.ASN1Parser$TypeContext.accept(ASN1Parser.java:1302)
	at org.antlr.v4.runtime.tree.AbstractParseTreeVisitor.visit(AbstractParseTreeVisitor.java:18)
	at ee.ibk.sdl.parser.asn1.ASN1ToGAVisitor.visitComponentType(ASN1ToGAVisitor.java:706)
	at ee.ibk.sdl.parser.asn1.ASN1ToGAVisitor.visitComponentType(ASN1ToGAVisitor.java:1)
	at ee.ibk.sdl.parser.asn1.ASN1Parser$ComponentTypeContext.accept(ASN1Parser.java:3250)
	at org.antlr.v4.runtime.tree.AbstractParseTreeVisitor.visitChildren(AbstractParseTreeVisitor.java:46)
	at ee.ibk.sdl.parser.asn1.ASN1ToGAVisitor.visitComponentTypeList(ASN1ToGAVisitor.java:694)
	at ee.ibk.sdl.parser.asn1.ASN1ToGAVisitor.visitComponentTypeList(ASN1ToGAVisitor.java:1)
	at ee.ibk.sdl.parser.asn1.ASN1Parser$ComponentTypeListContext.accept(ASN1Parser.java:3180)
	at org.antlr.v4.runtime.tree.AbstractParseTreeVisitor.visitChildren(AbstractParseTreeVisitor.java:46)
	at ee.ibk.sdl.parser.asn1.ASN1ToGAVisitor.visitSequenceOrSetBody(ASN1ToGAVisitor.java:659)
	at ee.ibk.sdl.parser.asn1.ASN1ToGAVisitor.visitSequenceOrSetBody(ASN1ToGAVisitor.java:1)
	at ee.ibk.sdl.parser.asn1.ASN1Parser$SequenceOrSetBodyContext.accept(ASN1Parser.java:2837)
	at org.antlr.v4.runtime.tree.AbstractParseTreeVisitor.visitChildren(AbstractParseTreeVisitor.java:46)
	at ee.ibk.sdl.parser.asn1.ASN1ToGAVisitor.visitSequenceType(ASN1ToGAVisitor.java:582)
	at ee.ibk.sdl.parser.asn1.ASN1ToGAVisitor.visitSequenceType(ASN1ToGAVisitor.java:1)
	at ee.ibk.sdl.parser.asn1.ASN1Parser$SequenceTypeContext.accept(ASN1Parser.java:2727)
	at org.antlr.v4.runtime.tree.AbstractParseTreeVisitor.visitChildren(AbstractParseTreeVisitor.java:46)
	at ee.ibk.sdl.parser.asn1.ASN1ToGAVisitor.visitType(ASN1ToGAVisitor.java:313)
	at ee.ibk.sdl.parser.asn1.ASN1ToGAVisitor.visitType(ASN1ToGAVisitor.java:1)
	at ee.ibk.sdl.parser.asn1.ASN1Parser$TypeContext.accept(ASN1Parser.java:1302)
	at org.antlr.v4.runtime.tree.AbstractParseTreeVisitor.visit(AbstractParseTreeVisitor.java:18)
	at ee.ibk.sdl.parser.asn1.ASN1ToGAVisitor.visitTypeAssigment(ASN1ToGAVisitor.java:206)
	at ee.ibk.sdl.parser.asn1.ASN1ToGAVisitor.visitTypeAssigment(ASN1ToGAVisitor.java:1)
	at ee.ibk.sdl.parser.asn1.ASN1Parser$TypeAssigmentContext.accept(ASN1Parser.java:939)
	at org.antlr.v4.runtime.tree.AbstractParseTreeVisitor.visit(AbstractParseTreeVisitor.java:18)
	at ee.ibk.sdl.parser.asn1.ASN1ToGAVisitor.visitModuleDefinition(ASN1ToGAVisitor.java:143)
	at ee.ibk.sdl.parser.asn1.ASN1ToGAVisitor.visitModuleDefinition(ASN1ToGAVisitor.java:1)
	at ee.ibk.sdl.parser.asn1.ASN1Parser$ModuleDefinitionContext.accept(ASN1Parser.java:427)
	at org.antlr.v4.runtime.tree.AbstractParseTreeVisitor.visit(AbstractParseTreeVisitor.java:18)
	at ee.ibk.sdl.parser.asn1.ASN1ToGAVisitor.visitModuleDefinitions(ASN1ToGAVisitor.java:92)
	at ee.ibk.sdl.parser.asn1.ASN1ToGAVisitor.visitModuleDefinitions(ASN1ToGAVisitor.java:1)
	at ee.ibk.sdl.parser.asn1.ASN1Parser$ModuleDefinitionsContext.accept(ASN1Parser.java:218)
	at org.antlr.v4.runtime.tree.AbstractParseTreeVisitor.visit(AbstractParseTreeVisitor.java:18)
	at ee.ibk.sdl.parser.ParseHandler.doParseASN1(ParseHandler.java:107)
	at ee.ibk.sdl.parser.ParseHandler.parseFile(ParseHandler.java:141)
	at ee.ibk.sdl.parser.Main.processFile(Main.java:588)
	at ee.ibk.sdl.parser.Main.processInputFiles(Main.java:478)
	at ee.ibk.sdl.parser.Main.doMain(Main.java:190)
	at ee.ibk.sdl.parser.Main.main(Main.java:132)
	at sun.reflect.NativeMethodAccessorImpl.invoke0(Native Method)
	at sun.reflect.NativeMethodAccessorImpl.invoke(NativeMethodAccessorImpl.java:62)
	at sun.reflect.DelegatingMethodAccessorImpl.invoke(DelegatingMethodAccessorImpl.java:43)
	at java.lang.reflect.Method.invoke(Method.java:498)
	at org.eclipse.jdt.internal.jarinjarloader.JarRsrcLoader.main(JarRsrcLoader.java:58)
java.lang.RuntimeException: Fatal error occurred. The tool will stop now.
	at ee.ibk.sdl.parser.utils.EventHandler.handle(EventHandler.java:141)
	at ee.ibk.sdl.parser.utils.EventHandler.fatal(EventHandler.java:171)
	at ee.ibk.sdl.parser.Main.processFile(Main.java:593)
	at ee.ibk.sdl.parser.Main.processInputFiles(Main.java:478)
	at ee.ibk.sdl.parser.Main.doMain(Main.java:190)
	at ee.ibk.sdl.parser.Main.main(Main.java:132)
	at sun.reflect.NativeMethodAccessorImpl.invoke0(Native Method)
	at sun.reflect.NativeMethodAccessorImpl.invoke(NativeMethodAccessorImpl.java:62)
	at sun.reflect.DelegatingMethodAccessorImpl.invoke(DelegatingMethodAccessorImpl.java:43)
	at java.lang.reflect.Method.invoke(Method.java:498)
	at org.eclipse.jdt.internal.jarinjarloader.JarRsrcLoader.main(JarRsrcLoader.java:58)
