[INFO] Starting to parse model ./test-asn1constants/dataview-uniq.asn
[ERROR] visitType: Unable to process: ENUMERATED{hello2,world2}
[ERROR] Unsupported base type in a 'Sequence Of' type:  Input: 'SEQUENCE (SIZE(1..5)) OF ENUMERATED { hello2, world2 }' at pos 15:12
  	 File: ./test-asn1constants/dataview-uniq.asn
[ERROR] visitType: Unable to process: SEQUENCE(SIZE(1..5))OFENUMERATED{hello2,world2}
[ERROR] (visitTypeAssigment) Unsupported construct:  Input: 'SeqEnum ::= SEQUENCE (SIZE(1..5)) OF ENUMERATED { hello2, world2 }' at pos 15:0
  	 File: ./test-asn1constants/dataview-uniq.asn
[ERROR] visitType: Unable to process: ENUMERATED{hello,world}
[ERROR] Unsupported base type in a 'Sequence Of' type:  Input: 'SEQUENCE (SIZE(2)) OF ENUMERATED { hello, world }' at pos 16:15
  	 File: ./test-asn1constants/dataview-uniq.asn
[ERROR] visitType: Unable to process: SEQUENCE(SIZE(2))OFENUMERATED{hello,world}
[ERROR] (visitTypeAssigment) Unsupported construct:  Input: 'SeqEnumFix ::= SEQUENCE (SIZE(2)) OF ENUMERATED { hello, world }' at pos 16:0
  	 File: ./test-asn1constants/dataview-uniq.asn
[ERROR] visitType: Unable to process: ENUMERATED{a,b,c,d,eE}
[ERROR] (visitTypeAssigment) Unsupported construct:  Input: 'MyEnum ::= ENUMERATED {a, b, c, d, eE}' at pos 18:0
  	 File: ./test-asn1constants/dataview-uniq.asn
[ERROR] visitType: Unable to process: CHOICE{c1BOOLEAN,cDe2BOOLEAN}
[ERROR] (visitTypeAssigment) Unsupported construct:  Input: 'MyChoice ::= CHOICE {c1 BOOLEAN, cDe2 BOOLEAN}' at pos 19:0
  	 File: ./test-asn1constants/dataview-uniq.asn
[ERROR] visitType: Unable to process: ENUMERATED{first-one,second-one}
[ERROR] (visitTypeAssigment) Unsupported construct:  Input: 'Enum-with-dash ::= ENUMERATED { first-one, second-one }' at pos 26:0
  	 File: ./test-asn1constants/dataview-uniq.asn
[ERROR] visitType: Unable to process: INTEGER{first-value(0),second-value(3)}(0|3)
[ERROR] (visitTypeAssigment) Unsupported construct:  Input: 'NamedInt-with-dash ::= INTEGER { first-value(0), second-value(3) } ( 0 | 3 )' at pos 27:0
  	 File: ./test-asn1constants/dataview-uniq.asn
[ERROR] ASN.1 visitValue: valuereference not yet supported:
  	one
[FATAL] Failed to parse model
      java.lang.ClassCastException: ee.ibk.sdl.parser.asn1.nodes.AggregateNode cannot be cast to ee.ibk.sdl.parser.asn1.nodes.ValueAssignmentNode

java.lang.ClassCastException: ee.ibk.sdl.parser.asn1.nodes.AggregateNode cannot be cast to ee.ibk.sdl.parser.asn1.nodes.ValueAssignmentNode
	at ee.ibk.sdl.parser.asn1.ASN1ToGAVisitor.visitModuleDefinition(ASN1ToGAVisitor.java:162)
	at ee.ibk.sdl.parser.asn1.ASN1ToGAVisitor.visitModuleDefinition(ASN1ToGAVisitor.java:1)
	at ee.ibk.sdl.parser.asn1.ASN1Parser$ModuleDefinitionContext.accept(ASN1Parser.java:427)
	at org.antlr.v4.runtime.tree.AbstractParseTreeVisitor.visit(AbstractParseTreeVisitor.java:18)
	at ee.ibk.sdl.parser.asn1.ASN1ToGAVisitor.visitModuleDefinitions(ASN1ToGAVisitor.java:92)
	at ee.ibk.sdl.parser.asn1.ASN1ToGAVisitor.visitModuleDefinitions(ASN1ToGAVisitor.java:1)
	at ee.ibk.sdl.parser.asn1.ASN1Parser$ModuleDefinitionsContext.accept(ASN1Parser.java:218)
	at org.antlr.v4.runtime.tree.AbstractParseTreeVisitor.visit(AbstractParseTreeVisitor.java:18)
	at ee.ibk.sdl.parser.ParseHandler.doParseASN1(ParseHandler.java:107)
	at ee.ibk.sdl.parser.ParseHandler.parseFile(ParseHandler.java:141)
	at ee.ibk.sdl.parser.Main.processFile(Main.java:588)
	at ee.ibk.sdl.parser.Main.processInputFiles(Main.java:478)
	at ee.ibk.sdl.parser.Main.doMain(Main.java:190)
	at ee.ibk.sdl.parser.Main.main(Main.java:132)
	at sun.reflect.NativeMethodAccessorImpl.invoke0(Native Method)
	at sun.reflect.NativeMethodAccessorImpl.invoke(NativeMethodAccessorImpl.java:62)
	at sun.reflect.DelegatingMethodAccessorImpl.invoke(DelegatingMethodAccessorImpl.java:43)
	at java.lang.reflect.Method.invoke(Method.java:498)
	at org.eclipse.jdt.internal.jarinjarloader.JarRsrcLoader.main(JarRsrcLoader.java:58)
java.lang.RuntimeException: Fatal error occurred. The tool will stop now.
	at ee.ibk.sdl.parser.utils.EventHandler.handle(EventHandler.java:141)
	at ee.ibk.sdl.parser.utils.EventHandler.fatal(EventHandler.java:171)
	at ee.ibk.sdl.parser.Main.processFile(Main.java:593)
	at ee.ibk.sdl.parser.Main.processInputFiles(Main.java:478)
	at ee.ibk.sdl.parser.Main.doMain(Main.java:190)
	at ee.ibk.sdl.parser.Main.main(Main.java:132)
	at sun.reflect.NativeMethodAccessorImpl.invoke0(Native Method)
	at sun.reflect.NativeMethodAccessorImpl.invoke(NativeMethodAccessorImpl.java:62)
	at sun.reflect.DelegatingMethodAccessorImpl.invoke(DelegatingMethodAccessorImpl.java:43)
	at java.lang.reflect.Method.invoke(Method.java:498)
	at org.eclipse.jdt.internal.jarinjarloader.JarRsrcLoader.main(JarRsrcLoader.java:58)
