[INFO] Starting to parse model ./test-typecheck/dataview-uniq.asn
[ERROR] visitType: Unable to process: CHOICE{oneSEQUENCE{xxTotoT1}}
[ERROR] visitType: Unable to process: CHOICE{choice-aBOOLEAN,choice-bCHOICE{oneSEQUENCE{xxTotoT1}}}
[ERROR] (visitTypeAssigment) Unsupported construct:  Input: 'TotoT2 ::= CHOICE {
    choice-a BOOLEAN,
    choice-b CHOICE { one SEQUENCE  { xx TotoT1 } }
  }' at pos 11:0
  	 File: ./test-typecheck/dataview-uniq.asn
[INFO] Parsing completed
java.lang.RuntimeException: Errors have occured during the tool's execution. The tool will be stopped.
	at ee.ibk.sdl.parser.utils.EventHandler.stopOnErrors(EventHandler.java:258)
	at ee.ibk.sdl.parser.Main.processInputFiles(Main.java:491)
	at ee.ibk.sdl.parser.Main.doMain(Main.java:190)
	at ee.ibk.sdl.parser.Main.main(Main.java:132)
	at sun.reflect.NativeMethodAccessorImpl.invoke0(Native Method)
	at sun.reflect.NativeMethodAccessorImpl.invoke(NativeMethodAccessorImpl.java:62)
	at sun.reflect.DelegatingMethodAccessorImpl.invoke(DelegatingMethodAccessorImpl.java:43)
	at java.lang.reflect.Method.invoke(Method.java:498)
	at org.eclipse.jdt.internal.jarinjarloader.JarRsrcLoader.main(JarRsrcLoader.java:58)
