[INFO] Starting to parse model: test11/system_structure.pr
[INFO] Parsing completed
[INFO] Parse result: 102
