[INFO] Starting to parse model test-instance/system_structure.pr
System: Entity not processed: ee.ibk.sdl.parser.grammar.SDLParser$Entity_in_systemContext
System: Entity not processed: ee.ibk.sdl.parser.grammar.SDLParser$Entity_in_systemContext
[TODO] System: Should process signal go
[TODO] System: Should process signal rezult
[INFO] Parsing completed
[INFO] Output written to test-instance/system_structure.xmi
